--------- beginning of main
D/AndroidRuntime( 5133): >>>>>> START com.android.internal.os.RuntimeInit uid 0 <<<<<<
D/AndroidRuntime( 5133): CheckJNI is ON
E/memtrack( 5133): Couldn't load memtrack module (No such file or directory)
E/android.os.Debug( 5133): failed to load memtrack module: -2
D/AndroidRuntime( 5133): Calling main entry com.android.commands.pm.Pm
--------- beginning of system
D/DefContainer( 2912): Copying /data/local/tmp/Magarac.apk to base.apk
I/art     (  348): Background sticky concurrent mark sweep GC freed 47247(2MB) AllocSpace objects, 20(634KB) LOS objects, 18% free, 9MB/11MB, paused 10.314ms total 162.872ms
D/PackageManager(  348): Renaming /data/app/vmdl1513542053.tmp to /data/app/com.f3t.games.magarac-1
I/ActivityManager(  348): Force stopping com.f3t.games.magarac appid=10058 user=-1: uninstall pkg
I/PackageManager(  348): Package com.f3t.games.magarac codePath changed from /data/app/com.f3t.games.magarac-2 to /data/app/com.f3t.games.magarac-1; Retaining data and using new
I/PackageManager(  348): Running dexopt on: /data/app/com.f3t.games.magarac-1/base.apk pkg=com.f3t.games.magarac isa=arm vmSafeMode=false
I/dex2oat ( 5143): /system/bin/dex2oat --zip-fd=6 --zip-location=/data/app/com.f3t.games.magarac-1/base.apk --oat-fd=7 --oat-location=/data/dalvik-cache/arm/data@app@com.f3t.games.magarac-1@base.apk@classes.dex --instruction-set=arm --instruction-set-features=default --runtime-arg -Xms64m --runtime-arg -Xmx512m --swap-fd=12
I/dex2oat ( 5143): Decided to run without swap.
W/dex2oat ( 5143): Before Android 4.1, method int android.support.v7.widget.ListViewCompat.lookForSelectablePosition(int, boolean) would have incorrectly overridden the package-private method in android.widget.ListView
W/dex2oat ( 5143): Before Android 4.1, method android.graphics.PorterDuffColorFilter android.support.graphics.drawable.VectorDrawableCompat.updateTintFilter(android.graphics.PorterDuffColorFilter, android.content.res.ColorStateList, android.graphics.PorterDuff$Mode) would have incorrectly overridden the package-private method in android.graphics.drawable.Drawable
W/dex2oat ( 5143): Compilation of boolean android.support.v4.app.FragmentManagerImpl.popBackStackState(android.os.Handler, java.lang.String, int, int) took 243.937ms
I/EventLogChimeraService( 1136): Aggregate from 1470607670849 (log), 1470606771409 (data)
W/dex2oat ( 5143): Compilation of void android.support.v4.app.FragmentManagerImpl.putFragment(android.os.Bundle, java.lang.String, android.support.v4.app.Fragment) took 172.971ms
W/dex2oat ( 5143): Compilation of void android.support.v4.app.FragmentManagerImpl.removeFragment(android.support.v4.app.Fragment, int, int) took 183.368ms
W/dex2oat ( 5143): Compilation of void android.support.v4.app.FragmentManagerImpl.restoreAllState(android.os.Parcelable, java.util.List) took 149.950ms
W/dex2oat ( 5143): Compilation of void android.support.v4.app.FragmentManagerImpl.setBackStackIndex(int, android.support.v4.app.BackStackRecord) took 107.253ms
W/dex2oat ( 5143): Compilation of void android.support.v4.app.LoaderManagerImpl$LoaderInfo.dump(java.lang.String, java.io.FileDescriptor, java.io.PrintWriter, java.lang.String[]) took 107.965ms
W/dex2oat ( 5143): Compilation of void android.support.v4.app.LoaderManagerImpl.updateHostController(android.support.v4.app.FragmentHostCallback) took 492.618ms
D/DropBoxEntryAddedChimeraService( 1136): User is not opted-in to Usage & Diagnostics or Lockbox.
W/dex2oat ( 5143): Compilation of java.lang.String android.support.v4.app.NavUtils$NavUtilsImplBase.getParentActivityName(android.content.Context, android.content.pm.ActivityInfo) took 337.909ms
W/dex2oat ( 5143): Compilation of void android.support.v4.widget.ScrollerCompat$ScrollerCompatImplGingerbread.abortAnimation(java.lang.Object) took 220.528ms
W/dex2oat ( 5143): Compilation of void android.support.v4.widget.SwipeRefreshLayout.onStopNestedScroll(android.view.View) took 146.693ms
I/dex2oat ( 5143): dex2oat took 47.378s (threads: 1) arena alloc=281KB java alloc=3MB native alloc=4MB free=3MB
I/ActivityManager(  348): Force stopping com.f3t.games.magarac appid=10058 user=-1: update pkg
W/PackageManager(  348): Code path for pkg : com.f3t.games.magarac changing from /data/app/com.f3t.games.magarac-2 to /data/app/com.f3t.games.magarac-1
W/PackageManager(  348): Resource path for pkg : com.f3t.games.magarac changing from /data/app/com.f3t.games.magarac-2 to /data/app/com.f3t.games.magarac-1
I/ActivityManager(  348): Force stopping com.f3t.games.magarac appid=10058 user=0: pkg removed
I/art     ( 1179): Explicit concurrent mark sweep GC freed 21582(1012KB) AllocSpace objects, 2(40KB) LOS objects, 39% free, 4MB/6MB, paused 10.684ms total 204.320ms
I/art     ( 1064): Explicit concurrent mark sweep GC freed 1012(40KB) AllocSpace objects, 1(64KB) LOS objects, 39% free, 4MB/8MB, paused 3.036ms total 235.839ms
W/art     (  348): Long monitor contention event with owner method=int com.android.server.am.ActivityManagerService.broadcastIntent(android.app.IApplicationThread, android.content.Intent, java.lang.String, android.content.IIntentReceiver, int, java.lang.String, android.os.Bundle, java.lang.String, int, boolean, boolean, int) from ActivityManagerService.java:16327 waiters=0 for 670ms
I/InputReader(  348): Reconfiguring input devices.  changes=0x00000010
I/art     (  625): Background sticky concurrent mark sweep GC freed 18946(929KB) AllocSpace objects, 0(0B) LOS objects, 38% free, 1620KB/2MB, paused 52.372ms total 335.047ms
I/art     (  952): Explicit concurrent mark sweep GC freed 3439(177KB) AllocSpace objects, 1(20KB) LOS objects, 40% free, 3MB/6MB, paused 1.930ms total 992.919ms
I/art     (  348): Explicit concurrent mark sweep GC freed 24628(1541KB) AllocSpace objects, 8(169KB) LOS objects, 31% free, 8MB/12MB, paused 22.926ms total 1.268s
D/JobSchedulerService(  348): Receieved: android.intent.action.PACKAGE_REMOVED
D/BackupManagerService(  348): Received broadcast Intent { act=android.intent.action.PACKAGE_REMOVED dat=package:com.f3t.games.magarac flg=0x4000010 (has extras) }
W/art     (  348): Long monitor contention event with owner method=void com.android.server.am.BroadcastQueue.processNextBroadcast(boolean) from BroadcastQueue.java:542 waiters=0 for 1.284s
I/InputReader(  348): Reconfiguring input devices.  changes=0x00000010
I/art     ( 1136): Explicit concurrent mark sweep GC freed 7873(608KB) AllocSpace objects, 2(32KB) LOS objects, 30% free, 8MB/12MB, paused 5.452ms total 1.606s
W/art     (  348): Long monitor contention event with owner method=void com.android.server.am.BroadcastQueue.processNextBroadcast(boolean) from BroadcastQueue.java:542 waiters=1 for 555ms
E/NetworkScheduler.SR(  701): Invalid parameter app
E/NetworkScheduler.SR(  701): Invalid package name : Perhaps you didn't include a PendingIntent in the extras?
D/PkgBroadcastIntentOp( 1136): Received broadcast action=android.intent.action.PACKAGE_REMOVED and uri=com.f3t.games.magarac
D/AuthPkgBcIntentOp( 1136): Received broadcast action=android.intent.action.PACKAGE_REMOVED and uri=com.f3t.games.magarac
D/gH_MetricsDatabase( 1136): 0 metrics were deleted when clearing package com.f3t.games.magarac.
W/art     (  348): Long monitor contention event with owner method=void com.android.server.am.BroadcastQueue.processNextBroadcast(boolean) from BroadcastQueue.java:542 waiters=0 for 1.563s
D/BackupManagerService(  348): Received broadcast Intent { act=android.intent.action.PACKAGE_ADDED dat=package:com.f3t.games.magarac flg=0x4000010 (has extras) }
W/BackupManagerService(  348): Removing schedule queue dupe of com.f3t.games.magarac
E/Drive.UninstallOperation( 1136): Package still installed com.f3t.games.magarac
W/art     (  348): Long monitor contention event with owner method=int com.android.server.am.ActivityManagerService.broadcastIntent(android.app.IApplicationThread, android.content.Intent, java.lang.String, android.content.IIntentReceiver, int, java.lang.String, android.os.Bundle, java.lang.String, int, boolean, boolean, int) from ActivityManagerService.java:16327 waiters=0 for 401ms
W/art     (  348): Long monitor contention event with owner method=int com.android.server.am.ActivityManagerService.broadcastIntent(android.app.IApplicationThread, android.content.Intent, java.lang.String, android.content.IIntentReceiver, int, java.lang.String, android.os.Bundle, java.lang.String, int, boolean, boolean, int) from ActivityManagerService.java:16327 waiters=1 for 373ms
W/Launcher( 1179): setApplicationContext called twice! old=com.google.android.velvet.VelvetApplication@14771764 new=com.google.android.velvet.VelvetApplication@14771764
I/InputReader(  348): Reconfiguring input devices.  changes=0x00000010
W/art     (  348): Long monitor contention event with owner method=int com.android.server.am.ActivityManagerService.broadcastIntent(android.app.IApplicationThread, android.content.Intent, java.lang.String, android.content.IIntentReceiver, int, java.lang.String, android.os.Bundle, java.lang.String, int, boolean, boolean, int) from ActivityManagerService.java:16327 waiters=2 for 396ms
D/MS_IntentHandler( 1136): Package broadcast action=android.intent.action.PACKAGE_REMOVED and uri=com.f3t.games.magarac
D/WearableController( 1136): Received broadcast action=android.intent.action.PACKAGE_REMOVED and uri=com.f3t.games.magarac
W/Settings(  348): Setting install_non_market_apps has moved from android.provider.Settings.Global to android.provider.Settings.Secure, returning read-only value.
W/ContextImpl( 2957): Calling a method in the system process without a qualified user: android.app.ContextImpl.startService:1692 android.content.ContextWrapper.startService:516 android.content.ContextWrapper.startService:516 com.android.keychain.KeyChainBroadcastReceiver.onReceive:12 android.app.ActivityThread.handleReceiver:2609 
E/IntentOperationSvc( 1136): Failed to instantiate Chimera operation impl, dropping operation
D/PkgBroadcastIntentOp( 1136): Received broadcast action=android.intent.action.PACKAGE_ADDED and uri=com.f3t.games.magarac
D/AuthPkgBcIntentOp( 1136): Received broadcast action=android.intent.action.PACKAGE_ADDED and uri=com.f3t.games.magarac
D/AsyncTaskServiceImpl( 1136): Submit a task: nzm
D/MS_IntentHandler( 1136): Package broadcast action=android.intent.action.PACKAGE_ADDED and uri=com.f3t.games.magarac
D/WearableController( 1136): Received broadcast action=android.intent.action.PACKAGE_ADDED and uri=com.f3t.games.magarac
W/art     ( 1136): Long monitor contention event with owner method=void pir.c(piw) from :com.google.android.gms:248 waiters=0 for 358ms
I/UpdateIcingCorporaServi( 1064): Updating corpora: APPS=com.f3t.games.magarac, CONTACTS=MAYBE
D/nzm     ( 1136): Processing package: com.f3t.games.magarac
W/art     ( 1136): Long monitor contention event with owner method=void pir.c(piw) from :com.google.android.gms:248 waiters=0 for 129ms
D/PkgBroadcastIntentOp( 1136): Received broadcast action=android.intent.action.PACKAGE_REPLACED and uri=com.f3t.games.magarac
D/AsyncTaskServiceImpl( 1136): Submit a task: nzm
E/NetworkScheduler.SR(  701): Invalid parameter app
E/NetworkScheduler.SR(  701): Invalid package name : Perhaps you didn't include a PendingIntent in the extras?
D/MS_IntentHandler( 1136): Package broadcast action=android.intent.action.PACKAGE_REPLACED and uri=com.f3t.games.magarac
W/Launcher( 1179): setApplicationContext called twice! old=com.google.android.velvet.VelvetApplication@14771764 new=com.google.android.velvet.VelvetApplication@14771764
W/art     ( 1136): Long monitor contention event with owner method=void pir.c(piw) from :com.google.android.gms:248 waiters=3 for 456ms
W/art     ( 1136): Long monitor contention event with owner method=void pir.c(piw) from :com.google.android.gms:248 waiters=2 for 460ms
D/GassUtils( 1136): Found app info for package com.f3t.games.magarac:1. Hash: acfa450846b9b1c12f63bbe8dc4c89281a7e60370eeb9d6f90a833713e7c43f1
D/nzm     ( 1136): Found info for package com.f3t.games.magarac in db.
D/nzm     ( 1136): Processing package: com.f3t.games.magarac
I/ApplicationLogger( 1064): canRun() : Opted Out
I/UpdateIcingCorporaServi( 1064): UpdateCorporaTask done [took 2487 ms] updated apps [took 2486 ms] 
D/GassUtils( 1136): Found app info for package com.f3t.games.magarac:1. Hash: acfa450846b9b1c12f63bbe8dc4c89281a7e60370eeb9d6f90a833713e7c43f1
D/nzm     ( 1136): Found info for package com.f3t.games.magarac in db.
I/art     (  348): Explicit concurrent mark sweep GC freed 10551(546KB) AllocSpace objects, 0(0B) LOS objects, 32% free, 8MB/12MB, paused 4.082ms total 537.532ms
I/art     (  348): WaitForGcToComplete blocked for 2.301s for cause HeapTrim
I/Icing   ( 1136): Indexing 453E9CBAB39C7E054771CA2E916AE26F2291D54F from com.google.android.googlequicksearchbox
I/Icing   ( 1136): Not enough disk space for indexing trimmable
I/art     ( 5133): System.exit called, status: 0
I/AndroidRuntime( 5133): VM exiting with result code 0.
D/AndroidRuntime( 5168): >>>>>> START com.android.internal.os.RuntimeInit uid 0 <<<<<<
D/AndroidRuntime( 5168): CheckJNI is ON
E/memtrack( 5168): Couldn't load memtrack module (No such file or directory)
E/android.os.Debug( 5168): failed to load memtrack module: -2
D/AndroidRuntime( 5168): Calling main entry com.android.commands.am.Am
I/ActivityManager(  348): START u0 {act=android.intent.action.MAIN cat=[android.intent.category.LAUNCHER] flg=0x10000000 cmp=com.f3t.games.magarac/.MainMenu} from uid 0 on display 0
V/WindowManager(  348): addAppToken: AppWindowToken{2aa82098 token=Token{4900a7b ActivityRecord{2fcdb20a u0 com.f3t.games.magarac/.MainMenu t35}}} to stack=1 task=35 at 0
V/WindowManager(  348): Adding window Window{1dff4df3 u0 Starting com.f3t.games.magarac} at 2 of 5 (after Window{3cd201eb u0 com.google.android.googlequicksearchbox/com.google.android.launcher.GEL})
D/AndroidRuntime( 5168): Shutting down VM
I/art     (   67): Background concurrent mark sweep GC freed 795(34KB) AllocSpace objects, 0(0B) LOS objects, 91% free, 93KB/1117KB, paused 1.816ms total 304.632ms
I/art     ( 5178): Not late-enabling -Xcheck:jni (already on)
I/ActivityManager(  348): Start proc 5178:com.f3t.games.magarac/u0a58 for activity com.f3t.games.magarac/.MainMenu
W/art     (  348): Long monitor contention event with owner method=void com.android.server.am.ActivityManagerService.activityPaused(android.os.IBinder) from ActivityManagerService.java:6313 waiters=0 for 759ms
I/art     (   67): Explicit concurrent mark sweep GC freed 708(30KB) AllocSpace objects, 0(0B) LOS objects, 91% free, 92KB/1116KB, paused 21.304ms total 437.493ms
I/art     (   67): Explicit concurrent mark sweep GC freed 5(160B) AllocSpace objects, 0(0B) LOS objects, 91% free, 92KB/1116KB, paused 1.074ms total 312.448ms
I/Choreographer(  348): Skipped 34 frames!  The application may be doing too much work on its main thread.
I/Choreographer(  348): Skipped 37 frames!  The application may be doing too much work on its main thread.
I/Choreographer(  348): Skipped 44 frames!  The application may be doing too much work on its main thread.
I/Choreographer(  348): Skipped 51 frames!  The application may be doing too much work on its main thread.
I/art     (   67): Explicit concurrent mark sweep GC freed 5(160B) AllocSpace objects, 0(0B) LOS objects, 91% free, 92KB/1116KB, paused 211.072ms total 1.301s
D/TaskPersister(  348): removeObsoleteFile: deleting file=34_task.xml
I/art     ( 5178): Background sticky concurrent mark sweep GC freed 1690(90KB) AllocSpace objects, 0(0B) LOS objects, 0% free, 1857KB/1857KB, paused 1.802ms total 288.357ms
D/MainManu activity ( 5178): onCreate
I/MicrophoneInputStream( 1064): mic_close gzi@31d01724
I/art     ( 5178): Background partial concurrent mark sweep GC freed 159(19KB) AllocSpace objects, 0(0B) LOS objects, 40% free, 1893KB/3MB, paused 1.684ms total 308.689ms
W/art     ( 1064): Long monitor contention event with owner method=void android.media.AudioRecord.native_stop() from AudioRecord.java:4294967294 waiters=0 for 168ms
I/HotwordRecognitionRnr( 1064): Hotword detection finished
I/HotwordRecognitionRnr( 1064): Stopping hotword detection.
W/art     ( 1064): Long monitor contention event with owner method=void com.google.android.search.core.service.SearchService.WI() from PG:397 waiters=0 for 417ms
V/WindowManager(  348): Adding window Window{3e583074 u0 com.f3t.games.magarac/com.f3t.games.magarac.MainMenu} at 2 of 6 (before Window{1dff4df3 u0 Starting com.f3t.games.magarac})
I/Choreographer( 5178): Skipped 59 frames!  The application may be doing too much work on its main thread.
D/MainManu activity ( 5178): onServiceConnected
I/Choreographer( 5178): Skipped 207 frames!  The application may be doing too much work on its main thread.
D/gralloc_goldfish( 5178): Emulator without host-side GPU emulation detected.
I/ActivityManager(  348): Displayed com.f3t.games.magarac/.MainMenu: +5s512ms
I/Choreographer(  348): Skipped 39 frames!  The application may be doing too much work on its main thread.
I/Choreographer(  348): Skipped 66 frames!  The application may be doing too much work on its main thread.
W/AudioTrack(  348): AUDIO_OUTPUT_FLAG_FAST denied by client
D/AndroidRuntime( 5178): Shutting down VM
--------- beginning of crash
E/AndroidRuntime( 5178): FATAL EXCEPTION: main
E/AndroidRuntime( 5178): Process: com.f3t.games.magarac, PID: 5178
E/AndroidRuntime( 5178): java.lang.NullPointerException: Attempt to invoke interface method 'void com.f3t.games.magarac.ServiceForCommunication$Callbacks.updateClient(long)' on a null object reference
E/AndroidRuntime( 5178): 	at com.f3t.games.magarac.ServiceForCommunication.getTime(ServiceForCommunication.java:35)
E/AndroidRuntime( 5178): 	at com.f3t.games.magarac.MainMenu$2.onClick(MainMenu.java:55)
E/AndroidRuntime( 5178): 	at android.view.View.performClick(View.java:4780)
E/AndroidRuntime( 5178): 	at com.f3t.games.magarac.MainMenu$3.run(MainMenu.java:78)
E/AndroidRuntime( 5178): 	at android.os.Handler.handleCallback(Handler.java:739)
E/AndroidRuntime( 5178): 	at android.os.Handler.dispatchMessage(Handler.java:95)
E/AndroidRuntime( 5178): 	at android.os.Looper.loop(Looper.java:135)
E/AndroidRuntime( 5178): 	at android.app.ActivityThread.main(ActivityThread.java:5254)
E/AndroidRuntime( 5178): 	at java.lang.reflect.Method.invoke(Native Method)
E/AndroidRuntime( 5178): 	at java.lang.reflect.Method.invoke(Method.java:372)
E/AndroidRuntime( 5178): 	at com.android.internal.os.ZygoteInit$MethodAndArgsCaller.run(ZygoteInit.java:903)
E/AndroidRuntime( 5178): 	at com.android.internal.os.ZygoteInit.main(ZygoteInit.java:698)
W/ActivityManager(  348):   Force finishing activity 1 com.f3t.games.magarac/.MainMenu
D/gralloc (   53): Registering a buffer in the process that created it. This may cause memory ordering problems.
E/libEGL  (   53): called unimplemented OpenGL ES API
E/SurfaceFlinger(   53): glCheckFramebufferStatusOES error 0
E/SurfaceFlinger(   53): got GL_FRAMEBUFFER_COMPLETE_OES error while taking screenshot
W/WindowManager(  348): Screenshot failure taking screenshot for (480x800) to layer 21005
W/art     (  348): Long monitor contention event with owner method=void com.android.server.am.ActivityManagerService.crashApplication(com.android.server.am.ProcessRecord, android.app.ApplicationErrorReport$CrashInfo) from ActivityManagerService.java:12032 waiters=0 for 184ms
W/art     (  348): Long monitor contention event with owner method=android.app.IActivityManager$ContentProviderHolder com.android.server.am.ActivityManagerService.getContentProviderImpl(android.app.IApplicationThread, java.lang.String, android.os.IBinder, boolean, int) from ActivityManagerService.java:9164 waiters=0 for 198ms
W/art     (  348): Long monitor contention event with owner method=android.app.IActivityManager$ContentProviderHolder com.android.server.am.ActivityManagerService.getContentProviderImpl(android.app.IApplicationThread, java.lang.String, android.os.IBinder, boolean, int) from ActivityManagerService.java:9164 waiters=1 for 271ms
I/Choreographer(  348): Skipped 136 frames!  The application may be doing too much work on its main thread.
W/ActivityManager(  348): Activity pause timeout for ActivityRecord{2fcdb20a u0 com.f3t.games.magarac/.MainMenu t35 f}
I/Choreographer(  348): Skipped 35 frames!  The application may be doing too much work on its main thread.
I/Choreographer(  348): Skipped 30 frames!  The application may be doing too much work on its main thread.
I/Choreographer(  348): Skipped 30 frames!  The application may be doing too much work on its main thread.
W/art     (  348): Long monitor contention event with owner method=void com.android.server.am.ActivityStack$ActivityStackHandler.handleMessage(android.os.Message) from ActivityStack.java:273 waiters=0 for 719ms
W/art     (  348): Long monitor contention event with owner method=void com.android.server.am.ActivityStack$ActivityStackHandler.handleMessage(android.os.Message) from ActivityStack.java:273 waiters=1 for 937ms
W/art     (  348): Long monitor contention event with owner method=void com.android.server.am.ActivityStack$ActivityStackHandler.handleMessage(android.os.Message) from ActivityStack.java:273 waiters=2 for 820ms
W/art     ( 1136): Long monitor contention event with owner method=boolean inl.a(inm, android.content.ServiceConnection, java.lang.String) from :com.google.android.gms:107 waiters=0 for 956ms
W/art     (  348): Long monitor contention event with owner method=void com.android.server.am.ActivityStack$ActivityStackHandler.handleMessage(android.os.Message) from ActivityStack.java:273 waiters=3 for 858ms
W/art     (  348): Long monitor contention event with owner method=void com.android.server.am.ActivityStack$ActivityStackHandler.handleMessage(android.os.Message) from ActivityStack.java:273 waiters=4 for 786ms
W/art     (  348): Long monitor contention event with owner method=int com.android.server.am.ActivityManagerService.bindService(android.app.IApplicationThread, android.os.IBinder, android.content.Intent, java.lang.String, android.app.IServiceConnection, int, int) from ActivityManagerService.java:15332 waiters=5 for 328ms
I/Choreographer(  348): Skipped 347 frames!  The application may be doing too much work on its main thread.
W/ActivityManager(  348): Launch timeout has expired, giving up wake lock!
I/Choreographer(  348): Skipped 69 frames!  The application may be doing too much work on its main thread.
W/ResourceType(  952): No package identifier when getting value for resource number 0x00000000
W/PackageManager(  952): Failure retrieving resources for com.f3t.games.magarac: Resource ID #0x0
I/Choreographer( 1179): Skipped 497 frames!  The application may be doing too much work on its main thread.
W/art     (  348): Long monitor contention event with owner method=int com.android.server.wm.WindowManagerService.relayoutWindow(com.android.server.wm.Session, android.view.IWindow, int, android.view.WindowManager$LayoutParams, int, int, int, int, android.graphics.Rect, android.graphics.Rect, android.graphics.Rect, android.graphics.Rect, android.graphics.Rect, android.content.res.Configuration, android.view.Surface) from WindowManagerService.java:3012 waiters=0 for 302ms
I/Choreographer(  348): Skipped 111 frames!  The application may be doing too much work on its main thread.
I/Choreographer( 1179): Skipped 203 frames!  The application may be doing too much work on its main thread.
W/art     (  348): Long monitor contention event with owner method=void com.android.server.am.ActivityStack$ActivityStackHandler.handleMessage(android.os.Message) from ActivityStack.java:273 waiters=5 for 2.576s
D/DropBoxEntryAddedChimeraService( 1136): User is not opted-in to Usage & Diagnostics or Lockbox.
I/Icing   ( 1136): Indexing 5BE3E8BE147E2139E77F3B0305357910B4B6A785 from com.google.android.gms
I/Choreographer(  348): Skipped 37 frames!  The application may be doing too much work on its main thread.
I/Choreographer( 1179): Skipped 316 frames!  The application may be doing too much work on its main thread.
I/Choreographer(  348): Skipped 62 frames!  The application may be doing too much work on its main thread.
I/Choreographer( 1179): Skipped 37 frames!  The application may be doing too much work on its main thread.
I/Choreographer(  348): Skipped 42 frames!  The application may be doing too much work on its main thread.
I/Choreographer(  348): Skipped 67 frames!  The application may be doing too much work on its main thread.
I/Choreographer(  348): Skipped 34 frames!  The application may be doing too much work on its main thread.
W/AudioTrack(  348): AUDIO_OUTPUT_FLAG_FAST denied by client
I/Process ( 5178): Sending signal. PID: 5178 SIG: 9
E/JavaBinder(  348): !!! FAILED BINDER TRANSACTION !!!
W/NotificationService(  348): Object died trying to hide notification android.app.ITransientNotification$Stub$Proxy@1dae5796 in package com.f3t.games.magarac
W/InputDispatcher(  348): channel '3e583074 com.f3t.games.magarac/com.f3t.games.magarac.MainMenu (server)' ~ Consumer closed input channel or an error occurred.  events=0x9
E/InputDispatcher(  348): channel '3e583074 com.f3t.games.magarac/com.f3t.games.magarac.MainMenu (server)' ~ Channel is unrecoverably broken and will be disposed!
W/InputDispatcher(  348): channel '495be12 Toast (server)' ~ Consumer closed input channel or an error occurred.  events=0x9
E/InputDispatcher(  348): channel '495be12 Toast (server)' ~ Channel is unrecoverably broken and will be disposed!
I/ActivityManager(  348): Process com.f3t.games.magarac (pid 5178) has died
W/art     (  348): Long monitor contention event with owner method=void com.android.server.wm.WindowManagerService.removeWindow(com.android.server.wm.Session, android.view.IWindow) from WindowManagerService.java:2592 waiters=0 for 195ms
I/Choreographer(  348): Skipped 100 frames!  The application may be doing too much work on its main thread.
E/JavaBinder(  348): !!! FAILED BINDER TRANSACTION !!!
W/NotificationService(  348): Object died trying to show notification android.app.ITransientNotification$Stub$Proxy@39fa3f04 in package com.f3t.games.magarac
I/WindowState(  348): WIN DEATH: Window{495be12 u0 Toast}
W/InputDispatcher(  348): Attempted to unregister already unregistered input channel '495be12 Toast (server)'
W/InputDispatcher(  348): Attempted to unregister already unregistered input channel '3e583074 com.f3t.games.magarac/com.f3t.games.magarac.MainMenu (server)'
I/Choreographer( 1179): Skipped 364 frames!  The application may be doing too much work on its main thread.
W/art     (  348): Long monitor contention event with owner method=void com.android.server.wm.Session.binderDied() from Session.java:149 waiters=2 for 284ms
W/WindowManager(  348): Failed looking up window
W/WindowManager(  348): java.lang.IllegalArgumentException: Requested window android.os.BinderProxy@25914047 does not exist
W/WindowManager(  348): 	at com.android.server.wm.WindowManagerService.windowForClientLocked(WindowManagerService.java:8540)
W/WindowManager(  348): 	at com.android.server.wm.WindowManagerService.windowForClientLocked(WindowManagerService.java:8531)
W/WindowManager(  348): 	at com.android.server.wm.WindowState$DeathRecipient.binderDied(WindowState.java:1142)
W/WindowManager(  348): 	at android.os.BinderProxy.sendDeathNotice(Binder.java:551)
I/WindowState(  348): WIN DEATH: null
W/art     (  348): Long monitor contention event with owner method=void com.android.server.am.ActivityManagerService$AppDeathRecipient.binderDied() from ActivityManagerService.java:1228 waiters=0 for 429ms
I/Choreographer(  348): Skipped 31 frames!  The application may be doing too much work on its main thread.
I/Choreographer(  348): Skipped 48 frames!  The application may be doing too much work on its main thread.
I/Choreographer(  348): Skipped 58 frames!  The application may be doing too much work on its main thread.
E/AppsCustomizePagedView( 1179): Widget ComponentInfo{com.google.android.googlequicksearchbox/com.google.android.apps.sidekick.widget.PredictiveCardsWidgetProvider} can not fit on this device (450, 375)
W/InputMethodManagerService(  348): Got RemoteException sending setActive(false) notification to pid 5178 uid 10058
I/Choreographer( 1179): Skipped 171 frames!  The application may be doing too much work on its main thread.
